maxim@DESKTOP-4DVD9FK MINGW64 ~
$ ls -a
 ./
 ../
 .bash_history
 .viminfo
'3D Objects'/
 AppData/
'Application Data'@
 bonjour.sh*
 Contacts/
 Cookies@
 Desktop/
 Documents/
 Downloads/
 essai.sh*
 Evernote/
 Favorites/
 IntelGraphicsProfiles/
 Links/
'Local Settings'@
'Menu Démarrer'@
'Mes documents'@
 MicrosoftEdgeBackups/
 Modèles@
 Music/
 NTUSER.DAT
 ntuser.dat.LOG1
 ntuser.dat.LOG2
 NTUSER.DAT{b75d9293-dc80-11e8-a8a1-181deaa0ee65}.TM.blf
 NTUSER.DAT{b75d9293-dc80-11e8-a8a1-181deaa0ee65}.TMContainer00000000000000000001.regtrans-ms
 NTUSER.DAT{b75d9293-dc80-11e8-a8a1-181deaa0ee65}.TMContainer00000000000000000002.regtrans-ms
 ntuser.ini
 OneDrive/
 Pictures/
 Recent@
 Roaming/
'Saved Games'/
 Searches/
 SendTo@
 Videos/
"Voisinage d'impression"@
'Voisinage réseau'@
 wcs.sh*
 wsc.sh*

maxim@DESKTOP-4DVD9FK MINGW64 ~
$ ls pictures
'Camera Roll'/   desktop.ini

maxim@DESKTOP-4DVD9FK MINGW64 ~
$ ls /home
ls: cannot access '/home': No such file or directory

maxim@DESKTOP-4DVD9FK MINGW64 ~
$ ls /maxime
ls: cannot access '/maxime': No such file or directory

maxim@DESKTOP-4DVD9FK MINGW64 ~
$ ls /maxim
ls: cannot access '/maxim': No such file or directory

maxim@DESKTOP-4DVD9FK MINGW64 ~
$ ls ..
'All Users'@   Default/  'Default User'@   desktop.ini   maxim/   Public/

maxim@DESKTOP-4DVD9FK MINGW64 ~
$ pwd
/c/Users/maxim

maxim@DESKTOP-4DVD9FK MINGW64 ~
$ cd onedrive

maxim@DESKTOP-4DVD9FK MINGW64 ~/onedrive
$ ls
Bureau/  Images/

maxim@DESKTOP-4DVD9FK MINGW64 ~/onedrive
$ cd bureau

maxim@DESKTOP-4DVD9FK MINGW64 ~/onedrive/bureau
$ cd ..

maxim@DESKTOP-4DVD9FK MINGW64 ~/onedrive
$ cd

maxim@DESKTOP-4DVD9FK MINGW64 ~
$ pwd
/c/Users/maxim

maxim@DESKTOP-4DVD9FK MINGW64 ~
$ cd /ondedrive/Images
bash: cd: /ondedrive/Images: No such file or directory

maxim@DESKTOP-4DVD9FK MINGW64 ~
$ ^C

maxim@DESKTOP-4DVD9FK MINGW64 ~
$ cd /onedrive/bureau
bash: cd: /onedrive/bureau: No such file or directory

maxim@DESKTOP-4DVD9FK MINGW64 ~
$ cd ~

maxim@DESKTOP-4DVD9FK MINGW64 ~
$ pwd
/c/Users/maxim

maxim@DESKTOP-4DVD9FK MINGW64 ~
$
